KEY_NUMERIC_1            0x20DF
KEY_NUMERIC_2            0xA05F
KEY_NUMERIC_3            0x609F
KEY_NUMERIC_4            0x10EF
KEY_NUMERIC_5            0x906F
KEY_NUMERIC_6            0x50AF
KEY_NUMERIC_7            0x30CF
KEY_NUMERIC_8            0xB04F
KEY_NUMERIC_9            0x708F
KEY_NUMERIC_0            0x8877
KEY_TEXT                 0x34CB #TTX/Mix
KEY_PREVIOUS             0xC837 #Pre-Ch
KEY_VOLUMEDOWN           0xD02F
KEY_VOLUMEUP             0xE01F
KEY_MUTE                 0xF00F
KEY_EPG                  0xF20D #Guide
KEY_TITLE                0xD22D #Tools
KEY_INFO                 0xF807
KEY_BACK                 0x1AE5 #Return
KEY_HOME                 0xB44B #Exit
KEY_SUBTITLE             0xA45B
KEY_REWIND               0xA25D
KEY_PAUSE                0x52AD
KEY_POWER                0x40BF
KEY_FASTFORWARD          0x12ED
KEY_RECORD               0x926D
KEY_PLAY                 0xE21D
KEY_STOP                 0x629D
KEY_1                    0x807F #Source
KEY_2                    0xD629 #Ch List
KEY_3                    0x31CE #Media.p
KEY_4                    0x58A7 #Green Main Menu button
KEY_5                    0x14EB #P.Mode
KEY_6                    0x00FF #Dual
KEY_7                    0xF906 #3D
KEY_8                    0xE41B #AD
KEY_9                    0x7C83 #P.Size
KEY_RED                  0x36C9
KEY_GREEN                0x28D7
KEY_YELLOW               0xA857
KEY_BLUE                 0x6897
KEY_UP                   0x06F9
KEY_DOWN                 0x8679
KEY_LEFT                 0xA659
KEY_RIGHT                0x46B9
KEY_OK                   0x16E9
